Inventory service listening...
Inventory received order: 101
Reducing stock for product: 51. Remaining stock: 9
--------------------------------------------------
Inventory received order: 102
Reducing stock for product: 51. Remaining stock: 8
--------------------------------------------------
Inventory received order: 103
Reducing stock for product: 51. Remaining stock: 7
--------------------------------------------------
Inventory received order: 104
Reducing stock for product: 51. Remaining stock: 6
--------------------------------------------------
Inventory received order: 105
Reducing stock for product: 51. Remaining stock: 5
--------------------------------------------------
Inventory received order: 106
Reducing stock for product: 51. Remaining stock: 4
--------------------------------------------------
Inventory received order: 107
Reducing stock for product: 51. Remaining stock: 3
--------------------------------------------------
Inventory received order: 108
Reducing stock for product: 51. Remaining stock: 2
--------------------------------------------------
Inventory received order: 109
Reducing stock for product: 51. Remaining stock: 1
--------------------------------------------------
Inventory received order: 110
Reducing stock for product: 51. Remaining stock: 0
--------------------------------------------------
Inventory received order: 111
Failed to fulfill order 111: Product 51 is out of stock!
--------------------------------------------------
